--------------------------------------------------------------------------------------
Timing Analyzer Summary
--------------------------------------------------------------------------------------

Type           : Worst-case tco
Slack          : N/A
Required Time  : None
Actual Time    : 17.132 ns
From           : 74161:inst4|f74161:sub|87
To             : SG
From Clock     : sin1
To Clock       : --
Failed Paths   : 0

Type           : Worst-case tpd
Slack          : N/A
Required Time  : None
Actual Time    : 20.728 ns
From           : 32
To             : SG
From Clock     : --
To Clock       : --
Failed Paths   : 0

Type           : Clock Setup: 'sin1'
Slack          : N/A
Required Time  : None
Actual Time    : Restricted to 275.03 MHz ( period = 3.636 ns )
From           : 74161:inst4|f74161:sub|87
To             : 74161:inst4|f74161:sub|99
From Clock     : sin1
To Clock       : sin1
Failed Paths   : 0

Type           : Total number of failed paths
Slack          : 
Required Time  : 
Actual Time    : 
From           : 
To             : 
From Clock     : 
To Clock       : 
Failed Paths   : 0

--------------------------------------------------------------------------------------

